
request to http://localhost:8983/solr/students/select?q=*%3A*&rows=1&wt=json failed, reason: connect ECONNREFUSED 127.0.0.1:8983
request to http://localhost:8983/solr/students/select?q=*%3A*&rows=1&wt=json failed, reason: connect ECONNREFUSED 127.0.0.1:8983
request to http://localhost:8983/solr/students/select?q=*%3A*&rows=1&wt=json failed, reason: connect ECONNREFUSED 127.0.0.1:8983
request to http://localhost:8983/solr/students/select?q=*%3A*&rows=1&wt=json failed, reason: connect ECONNREFUSED 127.0.0.1:8983
request to http://localhost:8983/solr/students/select?q=*%3A*&rows=1&wt=json failed, reason: connect ECONNREFUSED 127.0.0.1:8983

D:\Projects\RA_Test\monitoring_backend>ECHO "RUNNING SOLR RESTART SCRIPT FOR "8983 

"RUNNING SOLR RESTART SCRIPT FOR "8983

D:\Projects\RA_Test\monitoring_backend>set a=C:/SOLR 

D:\Projects\RA_Test\monitoring_backend>C:

C:\>cd C:/SOLR 


C:\SOLR>FOR /F "tokens=5 delims= " %P IN ('netstat -a -n -o | findstr :8983 | findstr LISTENING') DO taskkill /PID %P /F 


C:\SOLR>bin\solr.cmd start -cloud -p 8983 -s "example/cloud/node1/solr" 

Waiting up to 30 to see Solr running on port 8983

request to http://localhost:8983/solr/students/select?q=*%3A*&rows=1&wt=json failed, reason: connect ECONNREFUSED 127.0.0.1:8983
request to http://localhost:8983/solr/students/select?q=*%3A*&rows=1&wt=json failed, reason: connect ECONNREFUSED 127.0.0.1:8983
request to http://localhost:8983/solr/students/select?q=*%3A*&rows=1&wt=json failed, reason: connect ECONNREFUSED 127.0.0.1:8983
Started Solr server on port 8983. Happy searching!

Solr server error: 510
Solr server error: 510
Solr server error: 510
Solr server error: 510
Solr server error: 510
Solr server error: 510

D:\Projects\RA_Test\monitoring_backend>ECHO "RUNNING SOLR RESTART SCRIPT FOR "8983 

"RUNNING SOLR RESTART SCRIPT FOR "8983

D:\Projects\RA_Test\monitoring_backend>set a=C:/SOLR 

D:\Projects\RA_Test\monitoring_backend>C:

C:\>cd C:/SOLR 


C:\SOLR>FOR /F "tokens=5 delims= " %P IN ('netstat -a -n -o | findstr :8983 | findstr LISTENING') DO taskkill /PID %P /F 


C:\SOLR>taskkill /PID 14592 /F 

SUCCESS: The process with PID 14592 has been terminated.


C:\SOLR>taskkill /PID 14592 /F 

ERROR: The process with PID 14592 could not be terminated.
Reason: There is no running instance of the task.


C:\SOLR>bin\solr.cmd start -cloud -p 8983 -s "example/cloud/node1/solr" 

Waiting up to 30 to see Solr running on port 8983


request to http://localhost:8983/solr/students/select?q=*%3A*&rows=1&wt=json failed, reason: connect ECONNREFUSED 127.0.0.1:8983
Started Solr server on port 8983. Happy searching!

Solr server error: 510
Solr server error: 510
Solr server error: 510
Solr server error: 510
Solr server error: 510
Solr server error: 510
Solr server error: 510
Solr server error: 510
Solr server error: 510
Solr server error: 500
Solr server error: 500
Solr server error: 510
Solr server error: 510
Solr server error: 510
Solr server error: 510
Solr server error: 510
Solr server error: 510
Solr server error: 510