
request to http://localhost:7574/solr/students/select?q=*%3A*&rows=1&wt=json failed, reason: connect ECONNREFUSED 127.0.0.1:7574
request to http://localhost:7574/solr/students/select?q=*%3A*&rows=1&wt=json failed, reason: connect ECONNREFUSED 127.0.0.1:7574
request to http://localhost:7574/solr/students/select?q=*%3A*&rows=1&wt=json failed, reason: connect ECONNREFUSED 127.0.0.1:7574
request to http://localhost:7574/solr/students/select?q=*%3A*&rows=1&wt=json failed, reason: connect ECONNREFUSED 127.0.0.1:7574
request to http://localhost:7574/solr/students/select?q=*%3A*&rows=1&wt=json failed, reason: connect ECONNREFUSED 127.0.0.1:7574

D:\Projects\RA_Test\monitoring_backend>ECHO "RUNNING SOLR RESTART SCRIPT FOR "7574 

"RUNNING SOLR RESTART SCRIPT FOR "7574

D:\Projects\RA_Test\monitoring_backend>set a=C:/SOLR 

D:\Projects\RA_Test\monitoring_backend>C:

C:\>cd C:/SOLR 


C:\SOLR>FOR /F "tokens=5 delims= " %P IN ('netstat -a -n -o | findstr :7574 | findstr LISTENING') DO taskkill /PID %P /F 


C:\SOLR>bin\solr.cmd start -cloud -p 7574 -s "example/cloud/node2/solr" -z localhost:9983 

Waiting up to 30 to see Solr running on port 7574

request to http://localhost:7574/solr/students/select?q=*%3A*&rows=1&wt=json failed, reason: connect ECONNREFUSED 127.0.0.1:7574
Started Solr server on port 7574. Happy searching!

Solr server error: 500
Solr server error: 500
Solr server error: 510
Solr server error: 510
Solr server error: 510
Solr server error: 510
Solr server error: 510
Solr server error: 510
Solr server error: 500
Solr server error: 510
Solr server error: 510
Solr server error: 510
Solr server error: 510
Solr server error: 510
Solr server error: 510
Solr server error: 510
Solr server error: 510
Solr server error: 510

D:\Projects\RA_Test\monitoring_backend>ECHO "RUNNING SOLR RESTART SCRIPT FOR "7574 

"RUNNING SOLR RESTART SCRIPT FOR "7574

D:\Projects\RA_Test\monitoring_backend>set a=C:/SOLR 


D:\Projects\RA_Test\monitoring_backend>C:

C:\>cd C:/SOLR 


C:\SOLR>FOR /F "tokens=5 delims= " %P IN ('netstat -a -n -o | findstr :7574 | findstr LISTENING') DO taskkill /PID %P /F 


C:\SOLR>taskkill /PID 16828 /F 

SUCCESS: The process with PID 16828 has been terminated.


C:\SOLR>taskkill /PID 16828 /F 

ERROR: The process with PID 16828 could not be terminated.
Reason: There is no running instance of the task.


C:\SOLR>bin\solr.cmd start -cloud -p 7574 -s "example/cloud/node2/solr" -z localhost:9983 


Waiting up to 30 to see Solr running on port 7574


request to http://localhost:7574/solr/students/select?q=*%3A*&rows=1&wt=json failed, reason: connect ECONNREFUSED 127.0.0.1:7574
request to http://localhost:7574/solr/students/select?q=*%3A*&rows=1&wt=json failed, reason: connect ECONNREFUSED 127.0.0.1:7574
Started Solr server on port 7574. Happy searching!

Solr server error: 510
Solr server error: 510
Solr server error: 510
Solr server error: 510
Solr server error: 510
Solr server error: 510
Solr server error: 510